---- Program 0 ----
0000: Symbol(assigned=True, value=0x1B8000) -> BUS_ADDR  |  00000000 -> BUS_DATA
0001: 00120002 -> BUS_ADDR  |  80000000 -> BUS_DATA
0002: 00128002 -> BUS_ADDR  |  80000000 -> BUS_DATA
0003: 00138002 -> BUS_ADDR  |  80000000 -> BUS_DATA
0004: 00130002 -> BUS_ADDR  |  01000000 -> BUS_DATA
0005: 00148002 -> BUS_ADDR  |  80000000 -> BUS_DATA
0006: 00140002 -> BUS_ADDR  |  01000000 -> BUS_DATA
0007: 00158002 -> BUS_ADDR  |  80000000 -> BUS_DATA
0008: 00150002 -> BUS_ADDR  |  01000000 -> BUS_DATA
0009: 00168002 -> BUS_ADDR  |  80000000 -> BUS_DATA
000A: 00160002 -> BUS_ADDR  |  01000000 -> BUS_DATA
000B: 00178002 -> BUS_ADDR  |  80000000 -> BUS_DATA
000C: 00170000 -> BUS_ADDR  |  00000010 -> BUS_DATA
000D: 00188002 -> BUS_ADDR  |  80000000 -> BUS_DATA
000E: 00180000 -> BUS_ADDR  |  00000010 -> BUS_DATA
000F: 001A0002 -> BUS_ADDR  |  80000000 -> BUS_DATA
0010: 00198000 -> BUS_ADDR  |  00000004 -> BUS_DATA
0011: NOP  |  NOP
0012: NOP  |  NOP
0013: NOP  |  NOP
0014: NOP  |  NOP
0015: NOP  |  NOP
0016: NOP  |  NOP
0017: NOP  |  NOP
0018: NOP  |  NOP
0019: NOP  |  NOP
001A: NOP  |  NOP
001B: NOP  |  NOP
001C: NOP  |  NOP
001D: NOP  |  NOP
001E: NOP  |  NOP
001F: NOP  |  NOP
0020: NOP  |  NOP
0021: NOP  |  NOP
0022: NOP  |  NOP
0023: NOP  |  NOP
0024: NOP  |  NOP
0025: 00170000 -> BUS_ADDR  |  00000010 -> BUS_DATA
0026: NOP  |  NOP
0027: NOP  |  NOP
0028: 00170009 -> BUS_ADDR  |  00000050 -> BUS_DATA
0029: 0017000A -> BUS_ADDR  |  00000050 -> BUS_DATA
002A: 0017000B -> BUS_ADDR  |  00000850 -> BUS_DATA
002B: 00170001 -> BUS_ADDR  |  00008000 -> BUS_DATA
002C: 00170005 -> BUS_ADDR  |  00008000 -> BUS_DATA
002D: 00170002 -> BUS_ADDR  |  00000000 -> BUS_DATA
002E: 00170006 -> BUS_ADDR  |  00000000 -> BUS_DATA
002F: 00170000 -> BUS_ADDR  |  00000020 -> BUS_DATA
0030: 0017000C -> BUS_ADDR  |  00000000 -> BUS_DATA
0031: 0017000D -> BUS_ADDR  |  00000000 -> BUS_DATA
0032: 00178002 -> BUS_ADDR  |  00100029 -> BUS_DATA ; Misc configuration for DataMover module6_s2mm_datamover
0033: 00178001 -> BUS_ADDR  |  00000C80 -> BUS_DATA ; Transfer size for DataMover module6_s2mm_datamover
0034: 00178000 -> BUS_ADDR  |  00000000 -> BUS_DATA ; Base address and dispatch for DataMover module6_s2mm_datamover
0035: 00088000 -> BUS_ADDR  |  DMAInstruction @ 00000000 -> BUS_DATA ; Add descriptor with parameters {'trace_address': 0, 'trace_length': 200, 'fixed': False, 'decimate': 0, 'blank': False} to FIFO for ADC1
0036: NOP  |  NOP
0037: NOP  |  NOP
0038: NOP  |  NOP
0039: NOP  |  NOP
003A: 00100000 -> BUS_ADDR  |  00020000 -> BUS_DATA ; Trigger DMAs
003B: 00008000 -> BUS_ADDR  |  DMAInstruction @ 00000000 -> BUS_DATA ; Add descriptor with parameters {'trace_address': 0, 'trace_length': 200, 'fixed': False, 'decimate': 0, 'blank': False} to FIFO for DAC1
003C: NOP  |  NOP
003D: NOP  |  NOP
003E: NOP  |  NOP
003F: NOP  |  NOP
0040: 00100000 -> BUS_ADDR  |  00000002 -> BUS_DATA ; Trigger DMAs
0041: 00108000 -> BUS_ADDR  |  NOP
0042: NOP  |  NOP
0043: NOP  |  NOP
0044: NOP  |  NOP
0045: 00000002 -> MASK  |  NOP
0046: Symbol(assigned=True, value=SequenceInstruction(name='store', args=(), kwargs={'src': DSPConfiguration(mode='P+1', rst_p=True, dsp_cep='set'), 'dest': DSP_CFG0}, block_start=False, block_end=False, inline_block_start=False, inline_block_end=False, inline_block_level=0, address=Symbol(assigned=True, value=0x47))) -> PC (absolute hold) if BUS_DATA AND MASK != 0  |  NOP
0047: DSPConfiguration(mode='P+1', rst_p=True, dsp_cep='set') -> DSP_CFG0  |  NOP
0048: 001E8000 -> BUS_ADDR  |  NOP
0049: NOP  |  NOP
004A: NOP  |  NOP
004B: NOP  |  NOP
004C: NOP  |  NOP
004D: BUS_DATA -> MASK  |  NOP
004E: Symbol(assigned=True, value=SequenceInstruction(name='STP', args=(), kwargs={'src1': 32768, 'dest1': BUS_ADDR, 'src2': DMAInstruction(name='add_descriptor', args=(), kwargs={'trace_address': 0, 'trace_length': 200, 'fixed': False, 'decimate': 0, 'blank': False}, block_start=False, block_end=False, inline_block_start=False, inline_block_end=False, inline_block_level=0, address=Symbol(assigned=True, value=0x0)), 'dest2': BUS_DATA, 'comment': "Add descriptor with parameters {'trace_address': 0, 'trace_length': 200, 'fixed': False, 'decimate': 0, 'blank': False} to FIFO for DAC1"}, block_start=False, block_end=False, inline_block_start=False, inline_block_end=False, inline_block_level=0, address=Symbol(assigned=True, value=0x4F))) -> PC (absolute hold) if DSP_P0 XOR MASK != 0  |  NOP
004F: 00008000 -> BUS_ADDR  |  DMAInstruction @ 00000000 -> BUS_DATA ; Add descriptor with parameters {'trace_address': 0, 'trace_length': 200, 'fixed': False, 'decimate': 0, 'blank': False} to FIFO for DAC1
0050: NOP  |  NOP
0051: NOP  |  NOP
0052: NOP  |  NOP
0053: NOP  |  NOP
0054: 00100000 -> BUS_ADDR  |  00000002 -> BUS_DATA ; Trigger DMAs
0055: 00108000 -> BUS_ADDR  |  NOP
0056: NOP  |  NOP
0057: NOP  |  NOP
0058: NOP  |  NOP
0059: 00000002 -> MASK  |  NOP
005A: Symbol(assigned=True, value=SequenceInstruction(name='store', args=(), kwargs={'src': IMM, 'dest': None}, block_start=False, block_end=False, inline_block_start=False, inline_block_end=False, inline_block_level=0, address=Symbol(assigned=True, value=0x5B))) -> PC (absolute hold) if BUS_DATA AND MASK != 0  |  NOP
005B: NOP  |  NOP
005C: Symbol(assigned=True, value=0x1B8000) -> BUS_ADDR  |  00000001 -> BUS_DATA
005D: 00000000 -> PC (relative hold)  |  NOP

